Running grid point [3,20] (Mphi=0.0827, g=0.2154)
nuSIprop_path /home/x_astsc/nuSIprop-main-new
Fixing parameters
prompt_norm =  0.0
Mphi =  0.08269535156745106
g =  0.21544346900318823
mntot =  0.06
DEBUG Cython __cinit__: STARTING
  args=(), kwargs={'mphi': np.float64(82695.35156745106), 'g': np.float64(0.21544346900318823), 'si': np.float64(2.5), 'norm': 1e-18, 'mntot': np.float64(0.06), 'majorana': True, 'non_resonant': True, 'normal_ordering': True, 'N_bins_E': 200, 'lEmin': 12.9, 'lEmax': 16.01, 'zmax': 5, 'flav': 2, 'phiphi': True}
DEBUG Cython __cinit__: STARTING (via write)
  args=(), kwargs={'mphi': np.float64(82695.35156745106), 'g': np.float64(0.21544346900318823), 'si': np.float64(2.5), 'norm': 1e-18, 'mntot': np.float64(0.06), 'majorana': True, 'non_resonant': True, 'normal_ordering': True, 'N_bins_E': 200, 'lEmin': 12.9, 'lEmax': 16.01, 'zmax': 5, 'flav': 2, 'phiphi': True}
DEBUG Cython __cinit__: Extracted parameters:
  mphi=82695.35156745106, g=0.21544346900318823, mntot=0.06, si=2.5
  norm=1e-18, majorana=True, non_resonant=True, normal_ordering=True
  N_bins_E=200, lEmin=12.9, lEmax=16.01, zmax=5
  flav=2, phiphi=True, flux_model=0, si2=0, E_break=100000000000000.0
DEBUG Cython: About to call C++ constructor
DEBUG Cython: C++ constructor call completed successfully
Running fit
Fitting epsilon_DOM low [0.8, 0.99] interval...
llh 231.3619050829924
grads [[ 1.63064835e+02 -1.52205773e+01  7.19024048e-01  1.00978084e+01
  -7.03993190e-01 -4.18714199e+01 -1.71661756e+01  1.48176594e+00
  -2.24904988e+00 -3.60305562e+01 -2.32153389e+01 -1.39587123e+01
   7.84125827e+01 -2.16466924e+03]]
llh 1062.7715008562936
grads [[-4.11532564e+03  2.68515476e+02 -7.30723753e+00  2.46660833e-01
  -1.48567811e-02  6.49329719e+02  2.19783437e+03  1.65944214e+01
   5.01085279e-01  5.85552017e+02  2.92554271e+01 -2.62609861e-01
   1.65590707e+00 -4.69405952e+01]]
  Eval 2: -LLH = 1062.771501
llh 207.8188765984956
grads [[-2.02801558e+01 -8.26885302e+00  8.76812174e-01  7.35562186e+00
  -4.75888538e-01 -2.01327299e+01  3.59698136e+01  1.96624505e+00
  -1.91239812e+00 -1.30875777e+01 -1.46442307e+01 -8.98388828e+00
   5.30147953e+01 -1.48075255e+03]]
  Eval 3: -LLH = 207.818877
llh 206.83958947172593
grads [[-1.84175061e+00 -8.52300484e+00  8.50049005e-01  7.59780860e+00
  -4.92956951e-01 -2.24829739e+01 -1.05430938e+02  1.68463424e+00
  -1.95609893e+00 -1.34831973e+01 -1.39262131e+01 -9.33149911e+00
   5.49224330e+01 -1.53317570e+03]]
  Eval 4: -LLH = 206.839589
llh 206.40066959848582
grads [[-1.26454640e+01 -8.47340720e+00  8.56779123e-01  7.45516474e+00
  -4.82839483e-01 -2.10577072e+01  1.31310811e+01  1.84387845e+00
  -1.93444916e+00 -1.31545605e+01 -1.40388544e+01 -9.12435869e+00
   5.37918487e+01 -1.50215238e+03]]
  Eval 5: -LLH = 206.400670
llh 206.73000900921514
grads [[-1.55575777e+00 -6.87753652e+00  8.11463176e-01  7.63855479e+00
  -4.94178748e-01 -2.12816175e+01 -1.52390187e+02  1.63602927e+00
  -1.92332267e+00 -1.05222919e+01 -1.33091122e+01 -9.34735080e+00
   5.50665696e+01 -1.53759809e+03]]
  Eval 6: -LLH = 206.730009
llh 205.86025983780362
grads [[-8.26507966e+00 -7.82428093e+00  8.30028400e-01  7.52862146e+00
  -4.87302525e-01 -2.10432904e+01 -5.77561891e+01  1.74964519e+00
  -1.93031230e+00 -1.18917343e+01 -1.35483414e+01 -9.21139231e+00
   5.42940592e+01 -1.51615345e+03]]
  Eval 7: -LLH = 205.860260
llh 204.6427371191849
grads [[ 2.15614487e+00 -6.69016514e+00  8.00083446e-01  7.67273446e+00
  -4.96193503e-01 -2.08523845e+01 -5.27120526e+01  1.74236130e+00
  -1.91929861e+00 -1.01801296e+01 -1.31027272e+01 -9.38451592e+00
   5.52918523e+01 -1.54393913e+03]]
  Eval 8: -LLH = 204.642737
llh 199.62106887731235
grads [[ 1.85958799e+01  3.25505452e+00  7.26448393e-02  8.13542828e+00
  -5.16533169e-01 -1.36311859e+01 -1.11753806e+01  1.77966656e+00
  -1.70474237e+00  7.16362292e+00 -9.56432713e+00 -9.73344309e+00
   5.76195649e+01 -1.61126054e+03]]
  Eval 9: -LLH = 199.621069
llh 198.04001998671538
grads [[ 1.08837129e+01  6.45001913e+00 -4.28367460e-02  8.31441282e+00
  -5.21478119e-01 -9.57966689e+00  4.70132479e-01  1.80016102e+00
  -1.56182767e+00  1.22664240e+01 -8.23890121e+00 -9.80086118e+00
   5.82112030e+01 -1.62942253e+03]]
  Eval 10: -LLH = 198.040020
llh 194.75766621457902
grads [[-1.73275865e+00  9.64635804e+00 -2.82431191e-01  9.02814560e+00
  -5.50796514e-01 -2.70504360e+00  1.30453535e+01  1.78709894e+00
  -1.24244437e+00  1.58646530e+01 -6.26037816e+00 -1.03315554e+01
   6.16030345e+01 -1.72710937e+03]]
  Eval 11: -LLH = 194.757666
llh 190.64410617401688
grads [[ 3.28859741e+00  7.60233149e+00 -1.85749945e+00  1.09519698e+01
  -6.44133101e-01  2.72398899e+00  1.06426445e+01  1.63739640e+00
  -8.50708643e-01  1.00116287e+01 -4.97452083e+00 -1.22014236e+01
   7.22887457e+01 -2.02659200e+03]]
  Eval 12: -LLH = 190.644106
llh 181.9987130712161
grads [[-1.70877191e+01  2.23019210e+00  7.74456222e-01  1.80743544e+01
  -9.99493614e-01  1.05691862e+01  1.71977372e+01  1.17250795e+00
  -1.45764741e-01  8.24942399e+00 -3.04118537e+00 -2.13285340e+01
   1.13235318e+02 -3.10903639e+03]]
  Eval 13: -LLH = 181.998713
llh 2397.084820199683
grads [[-1.43616386e+02 -5.77786626e+00  3.24999883e+01 -6.56452697e+03
   3.27808639e+02  2.99171413e+01  2.26779225e+03  3.37403082e+00
   2.63827662e+00  2.23711493e+01  1.41206232e+00  5.88407976e+03
  -3.80686056e+04  1.09281531e+06]]
  Eval 14: -LLH = 2397.084820
llh 180.59822306313168
grads [[-4.29031447e+01  2.31752405e-01  1.66430175e+00 -6.44504696e+00
   2.06024801e-01  1.58124542e+01  3.73614411e+01  7.31746929e-01
   2.98603915e-01  9.80032735e+00 -1.65610962e+00 -6.23105038e+00
  -2.33866983e+01  1.00145513e+03]]
  Eval 15: -LLH = 180.598223
llh 180.0250051925811
grads [[-2.58210004e+01  1.38565915e+00 -4.21061706e-01  1.63446218e+01
  -9.15091398e-01  1.25726476e+01  2.19438259e+01  1.01724260e+00
   2.38178591e-02  8.56770272e+00 -2.53334125e+00 -2.16947947e+01
   1.03941957e+02 -2.78408581e+03]]
  Eval 16: -LLH = 180.025005
llh 2376.0404363468115
grads [[-1.16606756e+02 -5.32018834e+00  3.89373123e+01 -6.53308336e+03
   3.26284858e+02  2.79404110e+01  2.33311324e+03  3.31964288e+00
   2.55397423e+00  2.16578190e+01  1.29048936e+00  5.85522968e+03
  -3.78865581e+04  1.08761462e+06]]
  Eval 17: -LLH = 2376.040436
llh 182.99867288154942
grads [[-4.29260214e+01 -1.54354982e-01  2.46644078e+00 -2.88141305e+01
   1.30430583e+00  1.63917309e+01  4.00438565e+01  5.88236771e-01
   3.69095231e-01  1.03533543e+01 -1.36795142e+00  1.08015236e+01
  -1.48752651e+02  4.67099998e+03]]
  Eval 18: -LLH = 182.998673
llh 178.99963502097492
grads [[-3.10851006e+01  7.99550588e-01  1.46374454e+00  9.72345844e+00
  -5.89883379e-01  1.39383694e+01  2.46455045e+01  8.71238944e-01
   1.46530916e-01  9.01021856e+00 -2.12801028e+00 -1.79765930e+01
   6.71712099e+01 -1.66651886e+03]]
  Eval 19: -LLH = 178.999635
llh 176.1812452850405
grads [[-1.79838072e+01 -2.22474287e+00  1.44029874e+00  5.23005045e+00
  -3.74409749e-01  1.22543387e+01  1.24728084e+01  7.23966628e-01
   1.14709837e-01  1.03202800e+00 -2.27575822e+00 -1.58536226e+01
   4.27225950e+01 -9.10786760e+02]]
  Eval 20: -LLH = 176.181245
llh 171.01758234770494
grads [[ 1.18103404e+00 -8.91727680e+00  1.44749127e+00  8.71241042e+00
  -5.59683735e-01  3.78663764e+00 -1.88233132e+01  5.54616054e-01
  -2.05339659e-01 -1.79931431e+01 -3.56023528e+00 -2.08226414e+01
   6.38661603e+01 -1.45767092e+03]]
  Eval 21: -LLH = 171.017582
llh 169.36171124056096
grads [[-2.71574665e+00 -7.48164912e+00  1.49898938e+00 -6.25981700e+00
   1.75155096e-01  2.37624504e+00 -7.20110670e+00  4.18309591e-01
  -2.10141669e-01 -1.24039749e+01 -3.25317146e+00 -1.02589310e+01
  -1.98529483e+01  1.01940137e+03]]
  Eval 22: -LLH = 169.361711
llh 173.00555179351463
grads [[ 3.00422627e+01  4.24893607e-01  1.22036128e+00  7.49453135e+00
  -5.12760171e-01 -2.20020898e+00 -8.86874653e+01  3.58037850e-02
  -3.26730199e-01  3.50398095e+00 -3.91787253e+00 -2.34894506e+01
   5.86511747e+01 -1.18972650e+03]]
  Eval 23: -LLH = 173.005552
llh 169.04316692998594
grads [[ 3.68887883e+00 -6.20736425e+00  1.45114623e+00 -4.22583292e+00
   7.40059569e-02  1.55547576e+00 -4.62422328e+01  3.76370555e-01
  -2.31290688e-01 -9.81126646e+00 -3.32761953e+00 -1.21118168e+01
  -8.31091002e+00  6.91380050e+02]]
  Eval 24: -LLH = 169.043167
llh 168.00700245412332
grads [[   5.11733721   -3.42027182    1.35570312    1.03411904   -0.18612948
    -1.00599369   -5.44424598    0.45811734   -0.33425662   -2.14249587
    -3.63365253  -16.10133502   21.35510695 -178.13393363]]
  Eval 25: -LLH = 168.007002
llh 167.93416651487385
grads [[  1.42028311  -1.92254249   1.30649047  -0.16033807  -0.12487594
    0.15751924   0.81252335   0.48545579  -0.29761324   1.07810239
   -3.40262764 -14.75077258  14.36604788  12.65852297]]
llh 167.91298161616973
grads [[ -0.19430419  -1.37828624   1.20171044  -0.0684341   -0.12911658
    0.04510454  -0.42405925   0.48667457  -0.29778168   0.75844069
   -3.42014863 -14.77392804  14.84978987  -2.94087068]]
llh 167.91018353457594
grads [[  0.35628231   0.29139752  -1.27338878   0.16476913  -0.14091046
   -0.13087445  -0.12392694   0.47711664  -0.28395886  -0.33822428
   -3.45918827 -15.0019241   16.1985431  -40.87963554]]
llh 167.89828073796008
grads [[ 1.67938644e-01  8.86888699e-02 -1.09950116e+00 -9.65961253e-02
  -1.27863567e-01  4.02142600e-03  6.78565516e-02  4.73145690e-01
  -2.71079763e-01 -9.82349410e-02 -3.43169231e+00 -1.47771926e+01
   1.47119049e+01  1.83989919e+00]]
llh 167.93596681833293
grads [[ 6.94550116e-01 -7.25205321e-03  2.20385859e+00 -4.95997062e-01
  -1.08090413e-01  1.88316612e-01  7.99384190e-01  4.39051762e-01
  -1.99679131e-01  6.68708855e-02 -3.39311610e+00 -1.44671731e+01
   1.24670036e+01  6.73470478e+01]]
  Eval 30: -LLH = 167.935967
llh 167.89389875326205
grads [[  0.2681635    0.06990069   1.2213238   -0.1824228   -0.12359924
    0.04584746   0.23174167   0.46593148  -0.25553907  -0.0598243
   -3.42246495 -14.70915572  14.22810688  15.91539088]]
llh 167.8893956145793
grads [[ -0.14196173   0.15740688  -0.95282784  -0.18013362  -0.12359618
    0.04348244  -0.06445414   0.46436949  -0.25088114  -0.02426331
   -3.42138134 -14.69170896  14.22843447  15.30990535]]
llh 167.8885573159883
grads [[ -0.22352215   0.25015257   1.16685561  -0.1673139   -0.12418577
    0.03906905  -0.14083421   0.45940837  -0.24065132  -0.03529081
   -3.4213439  -14.69588661  14.29757249  13.10885976]]
llh 167.8836736544689
grads [[-4.11763651e-01  5.20953301e-01  1.16630110e+00 -1.01859239e-01
  -1.27312052e-01  1.22487119e-02 -3.10820838e-01  4.43413559e-01
  -2.08732969e-01 -1.18760534e-01 -3.42459552e+00 -1.47337445e+01
   1.46604112e+01  2.10153025e+00]]
llh 167.8647833938773
grads [[-2.87513241e-02  9.57375784e-01  1.16123685e+00  3.78550894e-01
  -1.50714074e-01 -1.84336353e-01 -6.59145893e-01  1.29422056e-01
  -1.21019473e-02 -3.95538454e-01 -3.45298963e+00 -1.50991750e+01
   1.73799628e+01 -7.76141839e+01]]
  Eval 35: -LLH = 167.864783
llh 168.29693092493446
grads [[-1.00275979e+01 -5.85774738e-01  1.15960166e+00 -2.45332176e+00
  -1.11751503e-02  6.39754815e-01  4.94168790e+01 -4.20773564e-02
   1.25870281e-01 -3.66104393e+00 -3.45508285e+00 -1.27294866e+01
   1.40450286e+00  3.83071892e+02]]
  Eval 36: -LLH = 168.296931
llh 167.8644516316821
grads [[-2.97973317e-01  9.14700133e-01  1.16121827e+00  2.99638727e-01
  -1.46809757e-01 -1.61893419e-01  7.22903333e-01  1.24937438e-01
  -8.37863636e-03 -4.83793949e-01 -3.45183631e+00 -1.50317276e+01
   1.69338992e+01 -6.47957460e+01]]
  Eval 37: -LLH = 167.864452
llh 167.8585346649746
grads [[-2.04646930e-01  5.95723993e-01  1.14638517e+00  2.43115979e-01
  -1.43932629e-01 -1.08014624e-01  3.57420617e-01  6.53060063e-02
   2.74695530e-02 -3.38448277e-01 -3.44069823e+00 -1.49801194e+01
   1.66129847e+01 -5.56808408e+01]]
llh 167.85911905828206
grads [[ 2.35358162e-01  8.27688033e-02 -1.00719218e+00  1.23275832e-01
  -1.37875712e-01  4.73617200e-03  2.57815461e+00 -1.81171378e-02
   7.54818357e-02  6.36387593e-01 -3.41074032e+00 -1.48642648e+01
   1.59332946e+01 -3.66012913e+01]]
llh 167.85653990565365
grads [[-1.55153349e-02  3.74024428e-01 -9.73220590e-01  1.91018440e-01
  -1.41297669e-01 -5.90604636e-02  1.31920763e+00  2.92545005e-02
   4.82538946e-02  8.34504579e-02 -3.42762782e+00 -1.49296504e+01
   1.63174132e+01 -4.73868978e+01]]
  Eval 40: -LLH = 167.856540
llh 167.8549697461534
grads [[-2.22193357e-01  2.14047814e-02 -9.68213040e-01  2.82150237e-02
  -1.33230017e-01  2.58798384e-03 -9.05235232e-02  8.74869008e-03
   5.94904636e-02 -1.10092918e-02 -3.41714914e+00 -1.48002468e+01
   1.53962556e+01 -2.05781707e+01]]
llh 167.85455606459243
grads [[ 1.62005594e-03 -6.96863464e-02  1.14074970e+00  1.58077348e-02
  -1.32659631e-01  8.05088217e-03  1.57798638e-02 -8.18785549e-04
   6.41407962e-02  1.91951102e-02 -3.41588401e+00 -1.47990796e+01
   1.53327356e+01 -1.84657172e+01]]
llh 167.85464508403652
grads [[-1.05666269e-01 -2.60541891e-02 -9.61248207e-01  2.17416423e-02
  -1.32932290e-01  5.45032638e-03 -3.51316533e-02  3.76486281e-03
   6.19144566e-02  4.75666361e-03 -3.41648146e+00 -1.47996188e+01
   1.53631002e+01 -1.94761806e+01]]
llh 167.8582479600866
grads [[  0.2461697   -0.24978495   1.21136612  -0.07430556  -0.12823785
    0.03323611   0.05229599  -0.03218022   0.0788504    0.13275443
   -3.40871879 -14.73743081  14.83286492  -3.62634269]]
llh 167.85474865212115
grads [[-5.59730534e-02 -5.79068262e-02  1.14548058e+00  8.05557469e-03
  -1.32262678e-01  9.47891776e-03 -2.24337966e-02 -1.35543336e-03
   6.43325722e-02  2.31170950e-02 -3.41534035e+00 -1.47907083e+01
   1.52875030e+01 -1.72179473e+01]]
  Eval 45: -LLH = 167.854749
llh 167.85448400044777
grads [[-8.84016906e-02 -3.72805503e-02 -9.57029930e-01  1.68922869e-02
  -1.32694778e-01  6.91451185e-03 -3.04280101e-02  1.95769599e-03
   6.27702741e-02  1.13123503e-02 -3.41605791e+00 -1.47964281e+01
   1.53362859e+01 -1.86762248e+01]]
llh 167.85464015449594
grads [[-6.70265218e-02 -5.08869613e-02  1.14307127e+00  1.10549322e-02
  -1.32409311e-01  8.61026069e-03 -2.51998649e-02 -2.25352938e-04
   6.38014002e-02  1.91084853e-02 -3.41558267e+00 -1.47926450e+01
   1.53040574e+01 -1.77129592e+01]]
llh 167.85447410202622
grads [[-8.48991765e-02 -3.95364543e-02  1.13917325e+00  1.59203250e-02
  -1.32647202e-01  7.20342911e-03 -2.95777318e-02  1.59596706e-03
   6.29419398e-02  1.26202008e-02 -3.41597559e+00 -1.47957923e+01
   1.53309147e+01 -1.85158715e+01]]
llh 167.8544744314498
grads [[-8.66714085e-02 -3.83842790e-02 -9.56615091e-01  1.64391494e-02
  -1.32672594e-01  7.05449005e-03 -3.00662457e-02  1.78139541e-03
   6.28543414e-02  1.19512150e-02 -3.41601691e+00 -1.47961359e+01
   1.53337834e+01 -1.86013793e+01]]
llh 167.85447410202622
grads [[-8.48991765e-02 -3.95364543e-02  1.13917325e+00  1.59203250e-02
  -1.32647202e-01  7.20342911e-03 -2.95777318e-02  1.59596706e-03
   6.29419398e-02  1.26202008e-02 -3.41597559e+00 -1.47957923e+01
   1.53309147e+01 -1.85158715e+01]]
  Eval 50: -LLH = 167.854474
llh 167.85453500102233
grads [[-6.24483882e-02 -2.20597567e-02 -9.58895074e-01  2.85649724e-02
  -1.33269110e-01  2.62882779e-03  2.99683286e-02 -1.34574085e-03
   6.46778852e-02  2.18038159e-02 -3.41659706e+00 -1.48057607e+01
   1.54025738e+01 -2.06047926e+01]]
llh 167.85447409034518
grads [[-8.02308433e-02 -3.58824400e-02 -9.56749818e-01  1.85703702e-02
  -1.32777535e-01  6.25057084e-03 -1.70961004e-02  9.82085259e-04
   6.33044132e-02  1.45413455e-02 -3.41610427e+00 -1.47978809e+01
   1.53459317e+01 -1.89536429e+01]]
llh 167.85446303419522
grads [[-8.27966367e-02 -3.78705642e-02  1.13894758e+00  1.71193539e-02
  -1.32706159e-01  6.77238948e-03 -2.39050810e-02  1.31520244e-03
   6.31069446e-02  1.34986969e-02 -3.41603306e+00 -1.47967348e+01
   1.53377079e+01 -1.87139856e+01]]
llh 167.8544675943148
grads [[-8.11434361e-02 -3.65520978e-02 -9.56645121e-01  1.80448851e-02
  -1.32751692e-01  6.43285280e-03 -1.93986962e-02  1.09368960e-03
   6.32373842e-02  1.41940152e-02 -3.41607978e+00 -1.47974634e+01
   1.53429550e+01 -1.88669811e+01]]
llh 167.85445372908075
grads [[-5.39514072e-02 -2.25260082e-02  1.13895861e+00  2.83926901e-02
  -1.33261122e-01  2.39756155e-03  4.11803826e-02 -2.20275055e-03
   6.50995829e-02  2.51166232e-02 -3.41654292e+00 -1.48058655e+01
   1.54018404e+01 -2.05763889e+01]]
  Eval 55: -LLH = 167.854454
llh 167.85445803641207
grads [[-4.93322508e-02 -1.74251172e-02 -9.56660366e-01  3.04433461e-02
  -1.33360666e-01  1.38978552e-03  6.92023248e-02 -3.33253026e-03
   6.57116921e-02  3.23702391e-02 -3.41657020e+00 -1.48073325e+01
   1.54134515e+01 -2.09199413e+01]]
llh 167.85445992288825
grads [[-5.31201828e-02 -2.16482971e-02  1.13893992e+00  2.87772068e-02
  -1.33279818e-01  2.21947973e-03  4.58973108e-02 -2.39614267e-03
   6.52051312e-02  2.63622223e-02 -3.41654884e+00 -1.48061472e+01
   1.54040181e+01 -2.06406022e+01]]
llh 167.85445603917705
grads [[-5.38888327e-02 -2.25051481e-02  1.13895809e+00  2.84355381e-02
  -1.33263217e-01  2.38764885e-03  4.13295930e-02 -2.20792887e-03
   6.51025933e-02  2.51464837e-02 -3.41654389e+00 -1.48059013e+01
   1.54020816e+01 -2.05833439e+01]]
llh 167.85445374464223
grads [[-5.39513410e-02 -2.25259232e-02  1.13895861e+00  2.83927107e-02
  -1.33261123e-01  2.39754675e-03  4.11803400e-02 -2.20276221e-03
   6.50995912e-02  2.51167201e-02 -3.41654291e+00 -1.48058655e+01
   1.54018405e+01 -2.05763923e+01]]
llh 167.85445372907404
grads [[-5.39514071e-02 -2.25260081e-02  1.13895861e+00  2.83926902e-02
  -1.33261122e-01  2.39756153e-03  4.11803826e-02 -2.20275056e-03
   6.50995829e-02  2.51166233e-02 -3.41654292e+00 -1.48058655e+01
   1.54018404e+01 -2.05763889e+01]]
  Eval 60: -LLH = 167.854454
llh 167.85445372909123
grads [[-5.39514071e-02 -2.25260081e-02  1.13895861e+00  2.83926902e-02
  -1.33261122e-01  2.39756153e-03  4.11803826e-02 -2.20275056e-03
   6.50995829e-02  2.51166233e-02 -3.41654292e+00 -1.48058655e+01
   1.54018404e+01 -2.05763889e+01]]
llh 167.85445372907404
grads [[-5.39514071e-02 -2.25260081e-02  1.13895861e+00  2.83926902e-02
  -1.33261122e-01  2.39756153e-03  4.11803826e-02 -2.20275056e-03
   6.50995829e-02  2.51166233e-02 -3.41654292e+00 -1.48058655e+01
   1.54018404e+01 -2.05763889e+01]]
llh 167.85452517217533
grads [[  0.50367249   0.04090446  -0.96258894   0.0334613   -0.13366339
   -0.05000536   0.25086664  -0.02416544   0.0708226   -0.11104666
   -3.42475936 -14.84401525  15.45558544 -21.09631936]]
llh 167.8543879530169
grads [[ 1.61227324e-01  1.90714188e-03 -9.58871640e-01  3.03505416e-02
  -1.33416399e-01 -1.78198186e-02  1.21831558e-01 -1.06705356e-02
   6.73052003e-02 -2.74040349e-02 -3.41971135e+00 -1.48205681e+01
   1.54225772e+01 -2.07775785e+01]]
llh 167.8543451921809
grads [[ 2.38123644e-01 -1.63526954e-02 -9.59272725e-01  1.26656291e-02
  -1.32574417e-01 -2.13340313e-02 -1.35539075e-01 -9.92376987e-03
   6.52064773e-02 -7.03614518e-02 -3.42023560e+00 -1.48135083e+01
   1.53269764e+01 -1.77776744e+01]]
  Eval 65: -LLH = 167.854345
llh 167.85417069739415
grads [[ 1.75253268e-01 -6.01836365e-02 -9.59600228e-01 -8.68295650e-02
  -1.27683598e-01 -9.73122213e-03 -7.84323502e-02 -1.24854140e-02
   6.26985305e-02 -9.13735746e-02 -3.41709311e+00 -1.47399504e+01
   1.47697661e+01 -1.39944318e+00]]
llh 167.85437145357966
grads [[ 1.43497687e-01 -1.17534868e-01 -9.60747681e-01 -2.58041191e-01
  -1.19170744e-01 -2.59661289e-03 -2.67653949e+00 -2.37294407e-02
   5.00369864e-02  6.24523738e-02 -3.40637181e+00 -1.46126425e+01
   1.38085350e+01  2.68439836e+01]]
llh 167.85398361024178
grads [[ 1.62139671e-01 -8.38049639e-02 -9.60064136e-01 -1.57242974e-01
  -1.24180085e-01 -6.78801587e-03 -1.14715737e+00 -1.71063806e-02
   5.74917263e-02 -2.80879634e-02 -3.41264522e+00 -1.46875574e+01
   1.43744238e+01  1.02155565e+01]]
llh 167.85363287803963
grads [[ 7.14575976e-02 -7.52478159e-02 -9.60867918e-01 -2.96345890e-01
  -1.17333657e-01 -1.21297017e-03 -7.77245939e-01 -2.52945125e-02
   5.29665511e-02 -1.55289715e-02 -3.40875355e+00 -1.45843444e+01
   1.35969910e+01  3.30479658e+01]]
llh 167.8528995553992
grads [[-3.27654066e-02 -5.13873069e-04 -9.62272388e-01 -5.04169767e-01
  -1.07097306e-01 -6.70887461e-03 -2.02664774e-01 -3.84765639e-02
   3.71968373e-02  3.27321645e-02 -3.40383448e+00 -1.44328360e+01
   1.24398013e+01  6.71088585e+01]]
  Eval 70: -LLH = 167.852900
llh 167.8518712979041
grads [[-4.19577378e-02  9.47500626e-02 -9.63240695e-01 -6.53720477e-01
  -9.97191363e-02 -2.54145241e-02  2.72058898e-01 -4.42465978e-02
   5.90295400e-03  9.31907745e-02 -3.40161337e+00 -1.43294589e+01
   1.16152481e+01  9.15408303e+01]]
llh 167.84986106468145
grads [[ 2.65405505e-02  2.02883050e-01 -9.63231816e-01 -7.42774818e-01
  -9.52439555e-02 -6.62512071e-02  6.80824598e-01 -3.97812903e-02
  -6.50637016e-02  1.46894170e-01 -3.40362754e+00 -1.42793859e+01
   1.11437752e+01  1.05835001e+02]]
llh 167.96198660932052
grads [[ 7.57295497e+00  5.94584152e-01  1.20313964e+00 -7.13146399e-01
  -9.81615217e-02 -8.89113509e-01 -6.25087791e+00 -6.32927798e-01
  -9.89058255e-02 -3.35507136e+00 -3.53801779e+00 -1.48596318e+01
   1.17807759e+01  1.04144478e+02]]
  Eval 73: -LLH = 167.961987
llh 167.84966873948883
grads [[ 4.34103472e-01  2.22480310e-01  1.13900739e+00 -7.41981321e-01
  -9.53618306e-02 -1.10368628e-01  3.09132691e-01 -7.09580409e-02
  -6.68636454e-02 -3.80753503e-02 -3.41067991e+00 -1.43088654e+01
   1.11726961e+01  1.05865866e+02]]
  Eval 74: -LLH = 167.849669
llh 167.84682959974847
grads [[-6.34593246e-02  2.61994087e-01  1.14005825e+00 -7.01731700e-01
  -9.68971525e-02 -1.21152333e-01  5.36059495e-01 -5.46377853e-02
  -1.72013434e-01 -2.57978815e-03 -3.41257528e+00 -1.43256045e+01
   1.14146164e+01  9.82705492e+01]]
  Eval 75: -LLH = 167.846830
llh 167.84742031159547
grads [[-1.08322792e+00 -2.00074450e-01 -9.64557220e-01 -9.40056178e-01
  -8.49232320e-02 -5.33674108e-02  6.91407132e-01 -1.21679784e-01
  -2.48100017e-01 -6.30165026e-01 -3.40980652e+00 -1.41303824e+01
   1.01009611e+01  1.36182257e+02]]
llh 167.84573086592442
grads [[-5.19249618e-01  5.57778274e-02  1.13739033e+00 -8.08493372e-01
  -9.15096114e-02 -9.08012227e-02  6.05852534e-01 -8.45613530e-02
  -2.05929434e-01 -2.82632300e-01 -3.41130721e+00 -1.42381450e+01
   1.08261045e+01  1.15254771e+02]]
llh 167.88591112894335
grads [[  5.38640881   0.38203829  -1.09802874  -0.1004801   -0.12548707
   -0.71453555  -3.53970412  -0.35119826  -0.43342633  -1.70573061
   -3.5137183  -15.14796276  15.15213072  -0.22497585]]
llh 167.84575321857488
grads [[ 2.77086347e-02  8.48977742e-02 -9.74001178e-01 -7.45391397e-01
  -9.46031601e-02 -1.48232092e-01  2.22607883e-01 -1.08927985e-01
  -2.26508417e-01 -4.13615603e-01 -3.42063587e+00 -1.43197856e+01
   1.12121998e+01  1.04963292e+02]]
llh 167.84560785110676
grads [[-3.00188876e-01  6.74310212e-02 -9.66417081e-01 -7.83278545e-01
  -9.27473237e-02 -1.13793709e-01  4.52338465e-01 -9.43154974e-02
  -2.14162379e-01 -3.35076277e-01 -3.41503665e+00 -1.42707768e+01
   1.09803945e+01  1.11142363e+02]]
  Eval 80: -LLH = 167.845608
llh 167.84396307706783
grads [[ -0.36093901   0.08853947  -0.96362998  -0.41172435  -0.11037466
   -0.13551773  -0.24272521  -0.08066265  -0.24983641  -0.32212815
   -3.42517482 -14.53707736  13.06557495  49.56158339]]
llh 167.84148922928986
grads [[  0.15622594  -0.23079996  -0.96249939  -0.05779973  -0.12696424
   -0.13050423  -0.24286893  -0.09971693  -0.30120772  -0.15410777
   -3.43044543 -14.80908998  15.07881115  -9.37333397]]
llh 167.83989493949602
grads [[-3.13416306e-02 -1.65647082e-01  1.14099418e+00  3.54740564e-01
  -1.46128525e-01 -1.03342129e-01  1.22212178e+00 -1.68495706e-01
  -2.75512025e-01 -1.32528329e-01 -3.43568757e+00 -1.50820618e+01
   1.73910141e+01 -7.84175701e+01]]
llh 167.83875861704198
grads [[-7.39037243e-02 -2.21178913e-01  1.14011967e+00  3.05403526e-01
  -1.43470092e-01 -7.62286143e-02 -4.28447512e-01 -2.15763705e-01
  -2.63755786e-01 -2.82828051e-03 -3.42558822e+00 -1.50348523e+01
   1.71144566e+01 -7.06454559e+01]]
llh 167.83808235450343
grads [[ -0.17605957  -0.18501251  -0.96064768   0.11531873  -0.13423694
   -0.05027106  -0.13215496  -0.25272294  -0.25774214   0.10298953
   -3.41524032 -14.88731257  16.05309368 -39.69732162]]
  Eval 85: -LLH = 167.838082
llh 167.8378564097004
grads [[-2.62983492e-01 -1.27253146e-01  1.13751449e+00 -1.54305738e-03
  -1.28559406e-01 -4.08902884e-02  1.59339788e-01 -2.65607001e-01
  -2.66535424e-01  1.86021683e-01 -3.40962003e+00 -1.47970506e+01
   1.54019896e+01 -2.07013811e+01]]
llh 167.83778559643648
grads [[ -0.44749403  -0.05060881  -0.96059503  -0.09658947  -0.12389954
   -0.02911931   0.49590374  -0.27394154  -0.2779065    0.25457923
   -3.40457038 -14.71832447  14.87041298  -5.36241692]]
llh 167.83765441101372
grads [[ -0.44895558  -0.04667142  -0.96009725  -0.06242227  -0.12551267
   -0.0317885    0.43261699  -0.26903143  -0.28043985   0.23942335
   -3.40596981 -14.74360709  15.06175862 -10.98515392]]
llh 167.83906184423518
grads [[  1.25992246   0.28792816   1.14122941   0.24263927  -0.13948128
   -0.20548592  -2.4459775   -0.32340976  -0.35476764  -0.46880974
   -3.43882914 -15.08290444  16.88641012 -61.20447449]]
llh 167.83681298215274
grads [[ 1.94028854e-01  7.87534604e-02  1.13799700e+00  5.14528037e-02
  -1.30757270e-01 -9.70949342e-02 -6.47620183e-01 -2.89449420e-01
  -3.08279797e-01 -2.64804000e-02 -3.41825950e+00 -1.48703978e+01
   1.57430262e+01 -2.97318048e+01]]
  Eval 90: -LLH = 167.836813
llh 167.83516621618674
grads [[-9.70229777e-02  1.00417061e-01  1.14062282e+00  1.99419952e-01
  -1.37429920e-01 -6.13277881e-02 -6.93730697e-01 -2.52301417e-01
  -3.33645332e-01 -1.49548087e-02 -3.41775317e+00 -1.49600125e+01
   1.65667991e+01 -5.45836838e+01]]
llh 167.82900839425264
grads [[ -0.84278228   0.31452768   1.14917929   0.06454231  -0.13020724
    0.10120122  -1.98242337  -0.16030348  -0.35043502  -0.03948171
   -3.39425945 -14.81574548  15.80523181 -33.65223506]]
llh 167.82144825690625
grads [[ 3.30519299e-01  6.54347558e-01  1.16403126e+00  1.00952651e+00
  -1.70414071e-01  3.80751395e-01  2.77522660e-01 -5.38216681e-02
  -4.29456306e-01  7.58224986e-03 -3.38244079e+00 -1.55050488e+01
   2.12293860e+01 -1.93825792e+02]]
llh 167.8121261492549
grads [[ -0.48613494   0.76674503   1.17008751   0.12221902  -0.12896719
    0.56036873  -0.94461137  -0.09009725  -0.3891249   -0.19469237
   -3.33956697 -14.82803194  16.28479365 -49.27552384]]
llh 167.8042931267757
grads [[  0.22430411   0.58205497   1.17043473  -0.48909033  -0.10100851
    0.610534    -0.94273421  -0.14550413  -0.37339667  -0.28706584
   -3.3199513  -14.43102817  12.9511947   50.23521118]]
  Eval 95: -LLH = 167.804293
llh 167.80140998940726
grads [[ -1.1522951    0.58248357   1.19184687  -0.45629957  -0.09794258
    1.00882456  -0.63257077  -0.5491949   -0.30228325  -0.49005121
   -3.26173106 -14.36211047  13.35523458  34.50344847]]
llh 167.81081787983345
grads [[-1.33211573e+00 -3.66427744e-01  1.21954173e+00 -1.33028607e+00
  -6.24494616e-02  8.30236841e-01  1.54719091e+01 -3.04841470e-01
  -2.58969964e-01 -2.00292764e+00 -3.32489021e+00 -1.38689367e+01
   8.60538221e+00  1.78723417e+02]]
llh 167.79121882060784
grads [[-1.23001607e+00  1.84292414e-01  1.20344960e+00 -8.23004832e-01
  -8.29927988e-02  9.34571846e-01  6.14574443e+00 -4.46659688e-01
  -2.84162775e-01 -1.12243631e+00 -3.28672459e+00 -1.41530297e+01
   1.13609498e+01  9.49857335e+01]]
llh 167.77268818352533
grads [[  0.73759023  -0.07854668   1.19963146  -0.62737123  -0.09155103
    0.74162134   3.51078966  -0.31342738  -0.35810345  -1.17948323
   -3.31691469 -14.42745001  12.55096554  64.04026647]]
llh 167.74541326448121
grads [[  2.42306046  -0.96947833   1.22620573  -0.21929323  -0.10692544
    0.61087489   0.55974758  -0.15105891  -0.40875145  -0.94959063
   -3.34204465 -14.86460463  15.05279839  -5.66373986]]
  Eval 100: -LLH = 167.745413
llh 167.71942106058862
grads [[ 6.83310003e+00 -1.46533521e+00  1.18670716e+00  1.46950194e+00
  -1.62441360e-01  4.23742643e-02 -7.13919819e+00 -1.09450517e-01
  -7.39918261e-01 -2.83220168e+00 -3.47189716e+00 -1.65526760e+01
   2.53171499e+01 -2.95284926e+02]]
llh 167.66734778243864
grads [[ 5.03888934e+00 -1.74200143e+00  1.16725209e+00  1.18040725e+00
  -1.47800296e-01  1.85028828e-01 -4.31224888e+00 -2.26120209e-02
  -7.86734174e-01 -1.61084847e+00 -3.43188935e+00 -1.62607315e+01
   2.37993636e+01 -2.53611069e+02]]
llh 167.54074599870427
grads [[-2.68341490e-01 -2.79599838e+00 -1.06315749e+00  9.69932217e-01
  -1.22587008e-01  5.09699380e-01  2.83738342e-01 -4.97153058e-02
  -9.39440432e-01  3.89068640e-01 -3.35500840e+00 -1.60086320e+01
   2.34042576e+01 -2.47767766e+02]]
  Eval 103: -LLH = 167.540746
llh 167.44078839928898
grads [[-3.29098255e+00 -3.57531621e+00 -1.03682157e+00  1.37534006e+00
  -1.18734545e-01  7.06028068e-01  1.53692066e+00 -1.57144115e-01
  -9.90037913e-01  6.07977713e-01 -3.33017174e+00 -1.63543073e+01
   2.65518628e+01 -3.41599140e+02]]
llh 167.2719870789435
grads [[-2.45035702e+00 -2.66789154e+00 -1.06282522e+00  5.02084606e+00
  -1.59595339e-01  7.97028992e-01  1.07738941e+01 -2.49499038e-01
  -1.32798749e+00  1.27481974e+00 -3.38375957e+00 -1.94068140e+01
   4.92803856e+01 -1.00508059e+03]]
  Eval 105: -LLH = 167.271987
llh 167.0864209679915
grads [[-1.96946954e+01 -2.34281409e+00  1.17877728e+00  4.88544163e+00
  -1.13169496e-01  1.63848716e+00 -1.10749048e+01  8.75110221e-03
  -4.89853436e-01 -2.27594529e+00 -3.29208292e+00 -1.92918314e+01
   5.08741962e+01 -1.06003197e+03]]
  Eval 106: -LLH = 167.086421
llh 166.7268631232544
grads [[-1.38765047e+01  2.54819478e-01 -8.83422744e-01  6.61740165e-01
  -6.24053897e-02  1.80082434e+00  7.42608757e+00  3.71893148e-02
  -3.91293056e-01 -6.99509358e-01 -3.15150043e+00 -1.63167100e+01
   2.69119447e+01 -3.50311443e+02]]
  Eval 107: -LLH = 166.726863
llh 166.5108713152403
grads [[-6.98635181e-01  1.81693646e+00  1.15861781e+00  4.12374930e+00
  -9.63310812e-02  1.30229658e+00  1.28839943e+01  4.06088909e-01
  -3.93250287e-01 -7.17016192e-01 -3.29438321e+00 -1.97706175e+01
   4.84873253e+01 -9.61605306e+02]]
  Eval 108: -LLH = 166.510871
llh 166.36160434180906
grads [[ 8.90387022e-01  2.16273478e+00  1.15544747e+00  2.13243099e+00
  -7.02650889e-02  1.36167604e+00  3.33686766e+00  5.12923327e-01
   2.81626362e-02 -9.86773675e-01 -3.22834908e+00 -1.85860030e+01
   3.80054232e+01 -6.46349287e+02]]
  Eval 109: -LLH = 166.361604
llh 166.24381156125642
grads [[ 1.55196829e+00  1.67409447e+00 -9.28275591e-01  2.91433073e+00
  -6.95978866e-02  1.38171938e+00 -1.07699173e+00  6.28114395e-01
   6.72118114e-01 -2.21557757e+00 -3.25882335e+00 -1.96298504e+01
   4.41594519e+01 -8.17526736e+02]]
  Eval 110: -LLH = 166.243812
llh 166.30311985217207
grads [[ 2.76023461e+00  5.11163124e-01  1.28462464e+00  3.55562946e+00
  -6.95754456e-02  1.57541633e+00 -2.95974013e+01  6.07013560e-01
   1.01792225e+00  2.23695541e+00 -3.15598312e+00 -2.02241918e+01
   4.86473028e+01 -9.48312945e+02]]
llh 166.21102997345258
grads [[ 1.94811433e+00  1.24450749e+00  1.17960666e+00  3.09529493e+00
  -6.90986734e-02  1.45943454e+00 -1.15429878e+01  6.20793855e-01
   8.00933838e-01 -5.56729449e-01 -3.21457539e+00 -1.97996665e+01
   4.54968435e+01 -8.56686238e+02]]
llh 166.16643825386188
grads [[-9.88661782e-02  8.39718227e-01  1.18932192e+00  2.24210582e+00
  -5.94600641e-02  1.67372504e+00 -4.37597658e+00  6.29126136e-01
   1.08526882e+00 -1.68130547e-01 -3.16798051e+00 -1.91606957e+01
   4.10582906e+01 -7.27768921e+02]]
llh 166.13402491830809
grads [[-1.09841554e+00  4.14594937e-01 -8.88010229e-01  2.24005709e+00
  -5.76385547e-02  1.79625295e+00  1.11530608e+00  6.13110131e-01
   1.23073034e+00  6.60055728e-01 -3.14362496e+00 -1.91648549e+01
   4.14025847e+01 -7.38927956e+02]]
llh 166.1018783024022
grads [[-1.90581673e+00 -4.19339155e-02 -9.27440346e-01  2.07954821e+00
  -5.53882304e-02  1.85955386e+00  5.26693526e+00  5.66445559e-01
   1.27327409e+00  1.41832459e+00 -3.12242438e+00 -1.90270465e+01
   4.06718975e+01 -7.18704991e+02]]
  Eval 115: -LLH = 166.101878
llh 166.01806324293085
grads [[-2.02458265e+00 -1.21988060e+00 -1.12637683e+00  2.12299418e+00
  -5.36481849e-02  1.80000067e+00  1.16577833e+01  3.25598097e-01
   1.30266722e+00  2.42467627e+00 -3.11379043e+00 -1.91471030e+01
   4.14944777e+01 -7.41960956e+02]]
llh 165.92869692625825
grads [[ 6.66037836e-02 -2.34301794e+00 -1.42333090e+00  1.95029629e+00
  -5.04965986e-02  1.49306248e+00  1.26300843e+01 -2.52374107e-01
   1.31212873e+00  2.28059663e+00 -3.13731375e+00 -1.93006495e+01
   4.13543303e+01 -7.31325500e+02]]
llh 166.16271257956257
grads [[ 1.33001427e-01  1.19309830e+00  4.59072251e-01  8.69135480e+00
  -8.75947819e-02  1.05402389e+00  2.44375617e+01 -7.42063297e-01
   1.29479138e+00  3.14875253e+00 -3.33356096e+00 -2.45090643e+01
   8.14405762e+01 -1.90909311e+03]]
  Eval 118: -LLH = 166.162713
llh 165.9164662345208
grads [[ 7.87785695e-02 -1.75484406e+00  7.69949014e-01  3.19095637e+00
  -5.81355612e-02  1.42032671e+00  1.44995277e+01 -3.33310195e-01
   1.30920310e+00  2.42442181e+00 -3.16913268e+00 -2.02648126e+01
   4.86789173e+01 -9.46174534e+02]]
  Eval 119: -LLH = 165.916466
llh 165.82631334303497
grads [[ 3.04982482e+00 -4.17603419e-01  6.95818509e-01  5.53537033e+00
  -6.88426443e-02  7.89423962e-01  1.25631875e+01 -9.64475324e-01
   1.27185815e+00  1.29187893e+00 -3.28670803e+00 -2.24766142e+01
   6.35564778e+01 -1.37313658e+03]]
  Eval 120: -LLH = 165.826313
llh 165.7266191652172
grads [[ 1.15823669e+00 -3.02957572e-01  3.74026555e-01  3.56614269e+00
  -5.64638341e-02  3.49922131e-01  7.60459727e+00 -1.24998321e+00
   1.21017662e+00 -1.91116042e+00 -3.32624873e+00 -2.11581643e+01
   5.25145650e+01 -1.04421164e+03]]
llh 165.59364428003397
grads [[ 7.22645561e+00 -2.46833977e-01  4.50611943e-01  2.27310521e+00
  -4.90145099e-02 -1.13658168e-01 -1.06313912e+00 -1.15141817e+00
   8.18596161e-01 -1.61987469e+00 -3.33445433e+00 -2.06055145e+01
   4.55933303e+01 -8.28544525e+02]]
  Eval 122: -LLH = 165.593644
llh 165.46777343228004
grads [[ 5.39679067e+00  3.13051845e-01  6.43902511e-01  4.93350381e-01
  -3.79259053e-02 -4.29736364e-02 -9.98490267e+00 -7.44070653e-01
   5.56015850e-01 -4.54204639e-01 -3.26270704e+00 -1.91771960e+01
   3.52869811e+01 -5.28399765e+02]]
  Eval 123: -LLH = 165.467773
llh 165.40140870845448
grads [[ 2.30060671e+00  1.77605075e+00  6.80675393e-01 -8.19722007e-01
  -2.96676088e-02  3.50719050e-02 -3.30807538e+00 -4.03977923e-01
   5.02959289e-02  7.69234867e-01 -3.21327944e+00 -1.80121017e+01
   2.76102701e+01 -3.08317807e+02]]
llh 165.38525229864848
grads [[-5.39097384e-01  1.50311150e+00  7.44473207e-01 -6.16589606e-01
  -3.06823509e-02  2.28909252e-01 -5.08915527e+00 -2.21084337e-01
   1.11910018e-01  1.01620109e+00 -3.19507923e+00 -1.79969269e+01
   2.85528102e+01 -3.40837402e+02]]
  Eval 125: -LLH = 165.385252
llh 165.37412642110309
grads [[-1.22864033e+00  8.13546993e-01  7.49602053e-01 -7.20147945e-01
  -3.01309309e-02  3.08174895e-01  7.75626176e+00  6.63421489e-03
   1.79576777e-01  4.41890034e-02 -3.22532165e+00 -1.79515610e+01
   2.80401699e+01 -3.24975244e+02]]
llh 165.366656522805
grads [[-6.52836618e-01  7.72214645e-01  7.49444487e-01 -5.61880262e-01
  -3.11028525e-02  2.61357964e-01  2.27360864e+00 -2.81005257e-02
   1.53059993e-01  3.12658801e-01 -3.22141696e+00 -1.80874277e+01
   2.89437134e+01 -3.50931340e+02]]
llh 165.36371422267894
grads [[-1.30206848e-01  6.20018811e-01  7.39734105e-01 -4.35130293e-01
  -3.19193594e-02  2.10598667e-01  1.77673759e-01 -1.83641598e-02
   1.19053062e-01  2.89983146e-01 -3.22890741e+00 -1.82201889e+01
   2.97028205e+01 -3.72082064e+02]]
llh 165.3599230572065
grads [[ 6.24627166e-01  3.34634408e-01  7.00943903e-01 -1.41641928e-01
  -3.37972396e-02  1.18939333e-01 -1.59642348e+00  1.28397234e-02
   4.73084723e-02  7.88432560e-02 -3.24982407e+00 -1.85088074e+01
   3.14485563e+01 -4.21298254e+02]]
llh 165.3572652378012
grads [[ 8.06661954e-01  1.77140676e-01  6.32888424e-01  1.47342360e-01
  -3.56066622e-02  6.42664218e-02 -1.49142061e+00  2.45317461e-02
  -1.09228433e-02 -1.52786742e-01 -3.26787516e+00 -1.87560386e+01
   3.31304683e+01 -4.69786661e+02]]
  Eval 130: -LLH = 165.357265
llh 165.35316815098807
grads [[ 7.18675475e-02 -3.37511643e-01  3.67781546e-01  7.54578320e-02
  -3.51156918e-02  3.88202047e-02 -1.44022486e+00 -9.93305869e-02
  -8.83562927e-02  3.24846991e-02 -3.26576563e+00 -1.86621838e+01
   3.26739721e+01 -4.57560403e+02]]
llh 165.34943182818176
grads [[-1.46450668e+00  3.11287007e-01  4.62992765e-01  1.48386813e-01
  -3.54897942e-02  8.58063430e-02  1.22507512e+00 -2.64219463e-02
  -5.94347830e-02 -6.38999891e-01 -3.27477063e+00 -1.86548192e+01
   3.30213789e+01 -4.69600269e+02]]
llh 165.34531913499384
grads [[-9.94811262e-01  1.15578680e-01  7.61778093e-01  1.63100096e-02
  -3.47087205e-02  5.93251842e-02  1.01205999e+00 -5.92619447e-02
  -6.86837717e-02 -4.47183856e-01 -3.27143763e+00 -1.85779003e+01
   3.22954990e+01 -4.47637926e+02]]
llh 167.2848753428936
grads [[ 1.61994747e+01 -8.38826341e+00 -5.46279364e+00 -6.90257679e+00
   6.41158898e-03 -1.20478580e+00 -1.54389842e+00 -1.74541716e+00
  -6.19826778e-01  7.45400246e+00 -3.15425736e+00 -1.42818917e+01
  -5.92439051e+00  7.00457788e+02]]
  Eval 134: -LLH = 167.284875
llh 165.34041214686957
grads [[-1.33245733e-01 -2.93493629e-01  1.76316954e-02 -2.75542667e-01
  -3.29741521e-02 -4.39350124e-03  8.47250393e-01 -1.40256366e-01
  -9.45858701e-02 -7.50417682e-02 -3.26538841e+00 -1.84008055e+01
   3.06834577e+01 -3.99080810e+02]]
  Eval 135: -LLH = 165.340412
llh 165.33862060913188
grads [[ 1.04340742e-01  7.54342931e-02  6.27389429e-02  1.50676142e-01
  -3.55751896e-02  2.75528866e-02  1.31110613e+00 -2.79676155e-02
  -7.99640305e-02  3.46374605e-01 -3.26598869e+00 -1.87121472e+01
   3.31009895e+01 -4.70310983e+02]]
llh 165.35311776920517
grads [[-8.07410618e-01 -1.03169837e+00  6.28768887e-01 -1.26831197e-01
  -3.38488121e-02  1.61372047e-01 -7.10722187e-01  2.18760006e-01
   1.67159898e-01 -2.25651730e-01 -3.26318858e+00 -1.84969039e+01
   3.14963744e+01 -4.23313724e+02]]
llh 165.33799884369702
grads [[-5.78002116e-02 -1.20699637e-01  5.64734217e-01  1.01477324e-01
  -3.52688978e-02  5.13962174e-02  9.51861840e-01  1.57926844e-02
  -3.58622364e-02  2.45127237e-01 -3.26545078e+00 -1.86738429e+01
   3.28163011e+01 -4.61976961e+02]]
llh 165.33823075654297
grads [[ 4.78171264e-02 -4.22675908e-01 -1.13020496e-02 -1.62475603e-01
  -3.36750326e-02  4.92357791e-02  5.25856725e-02  3.12205122e-02
   2.48712097e-02  8.93754611e-04 -3.26447750e+00 -1.84981173e+01
   3.13349643e+01 -4.17803395e+02]]
llh 165.33757397967736
grads [[-1.58121310e-02 -2.40710074e-01  4.15116289e-02 -3.01463875e-03
  -3.46378661e-02  5.05354664e-02  5.93971969e-01  2.19301708e-02
  -1.16947314e-02  1.48062203e-01 -3.26505241e+00 -1.86043034e+01
   3.22298226e+01 -4.44487117e+02]]
  Eval 140: -LLH = 165.337574
llh 165.33755285019757
grads [[ 1.11860904e-01 -1.88944803e-02  4.18391877e-02  3.24276729e-02
  -3.48534367e-02  2.39338892e-02 -1.92027916e+00 -1.96171050e-02
  -1.19103073e-02  3.50990826e-02 -3.26541595e+00 -1.86362055e+01
   3.24302554e+01 -4.50187100e+02]]
llh 165.337255655111
grads [[ 4.88771866e-02 -1.28318303e-01  4.16773528e-02  1.48268140e-02
  -3.47463073e-02  3.70591483e-02 -6.79387978e-01  8.80715855e-04
  -1.18043360e-02  9.08208191e-02 -3.26520713e+00 -1.86203183e+01
   3.23306488e+01 -4.47355643e+02]]
llh 165.33710665732025
grads [[-1.01115129e-02 -5.25867520e-02  3.96559127e-02 -3.01358826e-02
  -3.44688991e-02  3.92468843e-02 -1.66548394e-01 -1.07784901e-02
  -1.12937598e-02  4.27077470e-02 -3.26468034e+00 -1.85833513e+01
   3.20727864e+01 -4.39888466e+02]]
llh 165.33705510504765
grads [[ 4.95867986e-03 -4.59438913e-03  3.60944780e-02 -2.21914081e-02
  -3.45206539e-02  3.85635264e-02  1.08890244e-02 -6.42272053e-03
  -8.16477113e-03  5.55973672e-03 -3.26564930e+00 -1.85912450e+01
   3.21208951e+01 -4.41246395e+02]]
llh 165.33704350358346
grads [[ 1.12076088e-02  1.01033332e-02  3.19160634e-02 -1.25577591e-02
  -3.45812214e-02  3.76789902e-02  3.23139688e-02 -1.94342428e-03
  -5.53428487e-03 -1.08684452e-02 -3.26631324e+00 -1.85997113e+01
   3.21771949e+01 -4.42862635e+02]]
  Eval 145: -LLH = 165.337044
llh 165.33702009434762
grads [[-8.70493145e-02  2.72665153e-02  2.29507379e-02 -6.75528163e-03
  -3.46109262e-02  3.69372108e-02  9.30091355e-02 -3.95680210e-04
  -1.98613458e-03 -1.05760618e-02 -3.26657833e+00 -1.85994474e+01
   3.22047845e+01 -4.43808132e+02]]
llh 165.3370025702375
grads [[-6.87522644e-02  1.95064676e-02  1.25784313e-02  1.60130136e-02
  -3.47543159e-02  2.81618517e-02  6.01456296e-02  1.04337705e-03
   6.66275213e-04 -1.79700281e-02 -3.26830976e+00 -1.86197258e+01
   3.23380732e+01 -4.47626872e+02]]
llh 165.33696560521926
grads [[-1.27561713e-02  6.82023884e-03 -4.92899799e-03  2.10668372e-02
  -3.47937129e-02  1.04729366e-02  2.64088805e-02  3.18725766e-04
   2.37190311e-03 -1.33011440e-02 -3.27048851e+00 -1.86302498e+01
   3.23747190e+01 -4.48504262e+02]]
llh 165.33695951846076
grads [[-6.09992077e-03  4.50494209e-04 -9.24997046e-03  5.71124411e-03
  -3.47010871e-02  5.12128627e-03 -3.03391147e-04 -5.19615479e-04
   1.02154607e-03  1.76543278e-03 -3.27052192e+00 -1.86199726e+01
   3.22886320e+01 -4.45939485e+02]]
llh 165.3369577927661
grads [[ 7.71747999e-03  3.78652660e-04 -8.08945110e-03 -5.73115095e-04
  -3.46638930e-02  3.81005619e-03  4.45545331e-03 -9.37589543e-04
  -1.64757321e-04  2.23951942e-03 -3.27052673e+00 -1.86162506e+01
   3.22540654e+01 -4.44895573e+02]]
  Eval 150: -LLH = 165.336958
llh 165.3369616014136
grads [[ 1.72363446e-03 -1.31575781e-03 -6.75895921e-03 -4.67248732e-03
  -3.46386350e-02  3.44559331e-03  1.44223295e-04 -9.18693556e-04
  -9.15369804e-04  1.49828985e-03 -3.27049667e+00 -1.86130903e+01
   3.22305887e+01 -4.44208567e+02]]
llh 165.33695980477884
grads [[ 7.55540097e-03  3.28298775e-04 -8.05064988e-03 -6.76730419e-04
  -3.46632536e-02  3.79790931e-03  4.25375390e-03 -9.37353250e-04
  -1.86629379e-04  2.21565227e-03 -3.27052631e+00 -1.86161723e+01
   3.22534711e+01 -4.44878121e+02]]
llh 165.33695754333453
grads [[ 7.72450742e-03  3.78198278e-04 -8.08933602e-03 -5.61555737e-04
  -3.46639633e-02  3.80915358e-03  4.44619558e-03 -9.37615216e-04
  -1.64808553e-04  2.23819972e-03 -3.27052672e+00 -1.86162607e+01
   3.22541308e+01 -4.44897441e+02]]
llh 165.33695742618195
grads [[ 7.72423900e-03  3.77961547e-04 -8.08926309e-03 -5.61363465e-04
  -3.46639643e-02  3.80914091e-03  4.44643267e-03 -9.37606816e-04
  -1.64841521e-04  2.23816346e-03 -3.27052672e+00 -1.86162608e+01
   3.22541317e+01 -4.44897467e+02]]
llh 165.3369599781147
grads [[ 7.65204371e-03  3.51501196e-04 -8.06985945e-03 -6.11910205e-04
  -3.46636547e-02  3.80201550e-03  4.31108153e-03 -9.39391634e-04
  -1.75741246e-04  2.22470921e-03 -3.27052651e+00 -1.86162239e+01
   3.22538439e+01 -4.44888985e+02]]
  Eval 155: -LLH = 165.336960
llh 165.3369574870147
grads [[ 7.72053275e-03  3.78145405e-04 -8.08927341e-03 -5.67595809e-04
  -3.46639265e-02  3.80957767e-03  4.45107117e-03 -9.37604068e-04
  -1.64844049e-04  2.23879893e-03 -3.27052671e+00 -1.86162554e+01
   3.22540965e+01 -4.44896462e+02]]
llh 165.33695742618195
grads [[ 7.72423900e-03  3.77961547e-04 -8.08926309e-03 -5.61363465e-04
  -3.46639643e-02  3.80914091e-03  4.44643267e-03 -9.37606816e-04
  -1.64841521e-04  2.23816346e-03 -3.27052672e+00 -1.86162608e+01
   3.22541317e+01 -4.44897467e+02]]
llh 165.33695786624034
grads [[ 1.69468799e-03 -1.31391706e-03 -6.75860572e-03 -4.70416228e-03
  -3.46384380e-02  3.44833362e-03  1.79188123e-04 -9.14420939e-04
  -9.15542616e-04  1.50208021e-03 -3.27049612e+00 -1.86130620e+01
   3.22304055e+01 -4.44203333e+02]]
llh 165.3369559894611
grads [[ 6.87417998e-03  1.46179670e-04 -7.90764276e-03 -1.15482480e-03
  -3.46603077e-02  3.76317768e-03  3.84960110e-03 -9.37483967e-04
  -2.67289952e-04  2.14235613e-03 -3.27052231e+00 -1.86157986e+01
   3.22507329e+01 -4.44798170e+02]]
llh 165.3369620637238
grads [[ 6.90946786e-03  1.41215491e-04 -7.90541598e-03 -1.11740894e-03
  -3.46605392e-02  3.75706572e-03  3.78041096e-03 -9.34119118e-04
  -2.68604426e-04  2.13311963e-03 -3.27052309e+00 -1.86158343e+01
   3.22509481e+01 -4.44804238e+02]]
  Eval 160: -LLH = 165.336962
llh 165.3369559894611
grads [[ 6.87417998e-03  1.46179670e-04 -7.90764276e-03 -1.15482480e-03
  -3.46603077e-02  3.76317768e-03  3.84960110e-03 -9.37483967e-04
  -2.67289952e-04  2.14235613e-03 -3.27052231e+00 -1.86157986e+01
   3.22507329e+01 -4.44798170e+02]]
llh 165.33695856507285
grads [[ 3.86939288e-04 -1.12464852e-03 -4.13840546e-03 -4.04929029e-03
  -3.46428813e-02  2.13219787e-03  1.37949610e-03 -6.40156428e-04
  -1.68908173e-03  4.40014828e-04 -3.27070101e+00 -1.86138871e+01
   3.22345367e+01 -4.44314801e+02]]
llh 165.33695898112515
grads [[ 6.31791454e-03  3.80261268e-05 -7.58007488e-03 -1.39580217e-03
  -3.46588605e-02  3.62049979e-03  3.56286144e-03 -9.08889753e-04
  -3.90905765e-04  1.99311871e-03 -3.27053812e+00 -1.86156432e+01
   3.22493879e+01 -4.44757909e+02]]
llh 165.33696109430144
grads [[ 6.90807692e-03  1.43014148e-04 -7.90467115e-03 -1.12063390e-03
  -3.46605186e-02  3.75708472e-03  3.79990929e-03 -9.33212897e-04
  -2.68486488e-04  2.13401933e-03 -3.27052313e+00 -1.86158304e+01
   3.22509290e+01 -4.44803721e+02]]
llh 165.3369559894347
grads [[ 6.87417972e-03  1.46179624e-04 -7.90764262e-03 -1.15482506e-03
  -3.46603077e-02  3.76317762e-03  3.84960109e-03 -9.37483958e-04
  -2.67290006e-04  2.14235606e-03 -3.27052231e+00 -1.86157986e+01
   3.22507329e+01 -4.44798170e+02]]
  Eval 165: -LLH = 165.336956
llh 165.3369559894488
grads [[ 6.87417971e-03  1.46179624e-04 -7.90764262e-03 -1.15482499e-03
  -3.46603077e-02  3.76317762e-03  3.84960111e-03 -9.37483958e-04
  -2.67290006e-04  2.14235606e-03 -3.27052231e+00 -1.86157986e+01
   3.22507329e+01 -4.44798170e+02]]
llh 165.3369559894347
grads [[ 6.87417972e-03  1.46179624e-04 -7.90764262e-03 -1.15482506e-03
  -3.46603077e-02  3.76317762e-03  3.84960109e-03 -9.37483958e-04
  -2.67290006e-04  2.14235606e-03 -3.27052231e+00 -1.86157986e+01
   3.22507329e+01 -4.44798170e+02]]
llh 165.33696069558522
grads [[-1.82169018e-03 -2.90165597e-03 -1.36744644e-03  2.37239236e-03
  -3.46826502e-02  8.15071024e-04  2.04254826e-02  1.47922419e-04
  -1.80945333e-03  8.95893481e-04 -3.27105888e+00 -1.86189867e+01
   3.22715011e+01 -4.45392056e+02]]
llh 165.3369596665819
grads [[ 6.11703728e-03 -1.28396992e-04 -7.31914325e-03 -8.14373043e-04
  -3.46624624e-02  3.49483536e-03  5.24654462e-03 -8.36387805e-04
  -4.06056565e-04  2.02568610e-03 -3.27057101e+00 -1.86161075e+01
   3.22527358e+01 -4.44855398e+02]]
llh 165.3369565543422
grads [[ 6.87057638e-03  1.44817028e-04 -7.89984539e-03 -1.14004852e-03
  -3.46603988e-02  3.75885486e-03  3.84979466e-03 -9.32433084e-04
  -2.69126339e-04  2.13973390e-03 -3.27052288e+00 -1.86158118e+01
   3.22508176e+01 -4.44800587e+02]]
  Eval 170: -LLH = 165.336957
llh 165.33695592353118
grads [[ 6.87409075e-03  1.46081202e-04 -7.90762213e-03 -1.15507560e-03
  -3.46603062e-02  3.76318340e-03  3.84990724e-03 -9.37481814e-04
  -2.67292167e-04  2.14236678e-03 -3.27052230e+00 -1.86157983e+01
   3.22507315e+01 -4.44798129e+02]]
llh 165.33695592353342
grads [[ 6.87409074e-03  1.46081202e-04 -7.90762213e-03 -1.15507556e-03
  -3.46603062e-02  3.76318341e-03  3.84990725e-03 -9.37481814e-04
  -2.67292166e-04  2.14236678e-03 -3.27052230e+00 -1.86157983e+01
   3.22507315e+01 -4.44798129e+02]]
llh 165.33695592353118
grads [[ 6.87409075e-03  1.46081202e-04 -7.90762213e-03 -1.15507560e-03
  -3.46603062e-02  3.76318340e-03  3.84990724e-03 -9.37481814e-04
  -2.67292167e-04  2.14236678e-03 -3.27052230e+00 -1.86157983e+01
   3.22507315e+01 -4.44798129e+02]]
llh 165.33801101017033
grads [[-1.44201175e-01 -3.81921026e-02  5.86925235e-01  9.82713954e-02
  -3.52803865e-02 -4.23488186e-02  2.88347065e-01  1.76227374e-02
  -2.09528530e-02 -2.92445369e-02 -3.28023019e+00 -1.86981327e+01
   3.28270944e+01 -4.61495486e+02]]
llh 165.3369604544466
grads [[-2.24215914e-04 -1.65218052e-03 -2.92125085e-03  3.58696154e-03
  -3.46898577e-02  1.59403458e-03  1.71839010e-02 -6.19491855e-05
  -1.23993823e-03  6.63807059e-04 -3.27097574e+00 -1.86197211e+01
   3.22781996e+01 -4.45593939e+02]]
  Eval 175: -LLH = 165.336960
llh 165.33695940232738
grads [[ 6.37640150e-03  1.59920630e-05 -7.54389703e-03 -7.91220743e-04
  -3.46625736e-02  3.60243215e-03  4.84498114e-03 -8.72666603e-04
  -3.38282512e-04  2.03091233e-03 -3.27055556e+00 -1.86161016e+01
   3.22528391e+01 -4.44859115e+02]]
llh 165.33695717644176
grads [[ 6.88336001e-03  1.44359014e-04 -7.90440714e-03 -1.14188166e-03
  -3.46603883e-02  3.76007571e-03  3.88963908e-03 -9.35398905e-04
  -2.67940360e-04  2.13896683e-03 -3.27052262e+00 -1.86158103e+01
   3.22508078e+01 -4.44800304e+02]]
llh 165.33695592344876
grads [[ 6.87408990e-03  1.46080925e-04 -7.90762142e-03 -1.15507501e-03
  -3.46603062e-02  3.76318307e-03  3.84990674e-03 -9.37481720e-04
  -2.67292306e-04  2.14236653e-03 -3.27052230e+00 -1.86157983e+01
   3.22507315e+01 -4.44798129e+02]]
llh 165.33695592345887
grads [[ 6.87408991e-03  1.46080925e-04 -7.90762142e-03 -1.15507495e-03
  -3.46603062e-02  3.76318307e-03  3.84990674e-03 -9.37481720e-04
  -2.67292306e-04  2.14236653e-03 -3.27052230e+00 -1.86157983e+01
   3.22507315e+01 -4.44798129e+02]]
llh 165.33695592344876
grads [[ 6.87408990e-03  1.46080925e-04 -7.90762142e-03 -1.15507501e-03
  -3.46603062e-02  3.76318307e-03  3.84990674e-03 -9.37481720e-04
  -2.67292306e-04  2.14236653e-03 -3.27052230e+00 -1.86157983e+01
   3.22507315e+01 -4.44798129e+02]]
  Eval 180: -LLH = 165.336956
llh 165.3369685727195
grads [[ 1.79546641e-02  8.53709974e-03  6.91805000e-04 -5.39517402e-03
  -3.46356461e-02 -9.05005359e-04 -2.44780149e-01  7.70370806e-04
  -1.63025205e-03 -4.14744418e-03 -3.27078800e+00 -1.86144250e+01
   3.22278223e+01 -4.44068384e+02]]
llh 165.336959777117
grads [[ 7.76187606e-03  7.93772358e-04 -7.24227184e-03 -1.45243493e-03
  -3.46585870e-02  3.39825878e-03 -1.53586902e-02 -8.00406082e-04
  -3.72790744e-04  1.65021178e-03 -3.27054343e+00 -1.86157200e+01
   3.22491345e+01 -4.44746660e+02]]
llh 165.33696003254116
grads [[ 6.91156290e-03  1.55583448e-04 -7.89836863e-03 -1.13381211e-03
  -3.46604396e-02  3.75502709e-03  3.59846124e-03 -9.33453308e-04
  -2.68811151e-04  2.13107249e-03 -3.27052298e+00 -1.86158209e+01
   3.22508556e+01 -4.44801558e+02]]
llh 165.3369559782366
grads [[ 6.87393779e-03  1.46095369e-04 -7.90760128e-03 -1.15530031e-03
  -3.46603048e-02  3.76320061e-03  3.85004741e-03 -9.37478968e-04
  -2.67292564e-04  2.14239160e-03 -3.27052230e+00 -1.86157981e+01
   3.22507302e+01 -4.44798093e+02]]
llh 165.33695592345396
grads [[ 6.87408990e-03  1.46080926e-04 -7.90762142e-03 -1.15507501e-03
  -3.46603062e-02  3.76318307e-03  3.84990674e-03 -9.37481720e-04
  -2.67292306e-04  2.14236654e-03 -3.27052230e+00 -1.86157983e+01
   3.22507315e+01 -4.44798129e+02]]
  Eval 185: -LLH = 165.336956
llh 165.33695592344876
grads [[ 6.87408990e-03  1.46080925e-04 -7.90762142e-03 -1.15507501e-03
  -3.46603062e-02  3.76318307e-03  3.84990674e-03 -9.37481720e-04
  -2.67292306e-04  2.14236653e-03 -3.27052230e+00 -1.86157983e+01
   3.22507315e+01 -4.44798129e+02]]
llh 165.33695592344876
grads [[ 6.87408990e-03  1.46080925e-04 -7.90762142e-03 -1.15507501e-03
  -3.46603062e-02  3.76318307e-03  3.84990674e-03 -9.37481720e-04
  -2.67292306e-04  2.14236653e-03 -3.27052230e+00 -1.86157983e+01
   3.22507315e+01 -4.44798129e+02]]
llh 165.33695592345396
grads [[ 6.87408990e-03  1.46080926e-04 -7.90762142e-03 -1.15507501e-03
  -3.46603062e-02  3.76318307e-03  3.84990674e-03 -9.37481720e-04
  -2.67292306e-04  2.14236654e-03 -3.27052230e+00 -1.86157983e+01
   3.22507315e+01 -4.44798129e+02]]
llh 165.33695592344876
grads [[ 6.87408990e-03  1.46080925e-04 -7.90762142e-03 -1.15507501e-03
  -3.46603062e-02  3.76318307e-03  3.84990674e-03 -9.37481720e-04
  -2.67292306e-04  2.14236653e-03 -3.27052230e+00 -1.86157983e+01
   3.22507315e+01 -4.44798129e+02]]
llh 165.33695592344876
grads [[ 6.87408990e-03  1.46080925e-04 -7.90762142e-03 -1.15507501e-03
  -3.46603062e-02  3.76318307e-03  3.84990674e-03 -9.37481720e-04
  -2.67292306e-04  2.14236653e-03 -3.27052230e+00 -1.86157983e+01
   3.22507315e+01 -4.44798129e+02]]
  Eval 190: -LLH = 165.336956
  Completed low [0.8, 0.99] interval: -LLH = 165.336956
Fit took 1845.831095457077 seconds
Best Fit -LLH:  165.33695592344876
Best Fit Paramters:
	cr_delta_gamma: 	-0.11363919819662177
	nunubar_ratio: 	1.0277761745918514
	anisotropy_scale: 	0.9869901906376438
	astro_gamma: 	1.1542427653414564
	astro_norm: 	50.0
	conv_norm: 	1.893126679171324
	epsilon_dom: 	0.9622270751897781
	epsilon_head_on: 	-0.4914160798100756
	muon_norm: 	1.313680821987233
	kpi_ratio: 	1.0868811601078021
	prompt_norm: 	0.0
	Mphi: 	0.08269535156745106
	g: 	0.21544346900318823
	mntot: 	0.06
{'grad': array([ 0.00687409,  0.00014608, -0.00790762, -0.00115508, -0.03466031,
        0.00376318,  0.00384991, -0.00093748, -0.00026729,  0.00214237]), 'task': 'CONVERGENCE: REL_REDUCTION_OF_F_<=_FACTR*EPSMCH', 'funcalls': 190, 'nit': 113, 'warnflag': 0}
165.33695592344876
[-0.11363919819662177, 1.0277761745918514, 0.9869901906376438, 1.1542427653414564, 50.0, 1.893126679171324, 0.9622270751897781, -0.4914160798100756, 1.313680821987233, 1.0868811601078021, 0.0, 0.08269535156745106, 0.21544346900318823, 0.06]

=== Both epsilon_DOM interval fits ===

Fit 1 (epsilon_DOM low interval, [0.8, 0.99]):
  -LLH: 165.33695592344876
  Parameters:
	cr_delta_gamma: 	-0.11363919819662177
	nunubar_ratio: 	1.0277761745918514
	anisotropy_scale: 	0.9869901906376438
	astro_gamma: 	1.1542427653414564
	astro_norm: 	50.0
	conv_norm: 	1.893126679171324
	epsilon_dom: 	0.9622270751897781
	epsilon_head_on: 	-0.4914160798100756
	muon_norm: 	1.313680821987233
	kpi_ratio: 	1.0868811601078021
	prompt_norm: 	0.0
	Mphi: 	0.08269535156745106
	g: 	0.21544346900318823
	mntot: 	0.06
  Interval: low
  Epsilon_DOM range: [0.8, 0.99]

Fit 2 (epsilon_DOM high interval, [0.99, 1.25]):
  -LLH: inf (fit failed)
  Parameters:
	cr_delta_gamma: 	-0.05
	nunubar_ratio: 	1.0
	anisotropy_scale: 	1.0
	astro_gamma: 	2.5
	astro_norm: 	6.0
	conv_norm: 	1.0
	epsilon_dom: 	0.99
	epsilon_head_on: 	0.0
	muon_norm: 	1.0
	kpi_ratio: 	1.0
	prompt_norm: 	0.0
	Mphi: 	0.08269535156745106
	g: 	0.21544346900318823
	mntot: 	0.06
  Interval: high
  Epsilon_DOM range: [0.99, 1.25]
LLH list:  [np.float64(165.33695592344876), inf]
Fitted params list:  [array([-0.1136392 ,  1.02777617,  0.98699019,  1.15424277, 50.        ,
        1.89312668,  0.96222708, -0.49141608,  1.31368082,  1.08688116]), array([-0.05,  1.  ,  1.  ,  2.5 ,  6.  ,  1.  ,  0.99,  0.  ,  1.  ,
        1.  ])]
Info list:  [{'grad': array([ 0.00687409,  0.00014608, -0.00790762, -0.00115508, -0.03466031,
        0.00376318,  0.00384991, -0.00093748, -0.00026729,  0.00214237]), 'task': 'CONVERGENCE: REL_REDUCTION_OF_F_<=_FACTR*EPSMCH', 'funcalls': 190, 'nit': 113, 'warnflag': 0}, None]
Result appended to /home/x_astsc/Cluster_package/HESE/grid_scan_results/results.jsonl
  -LLH: 165.336956
